// Vitest Snapshot v1, https://vitest.dev/guide/snapshot.html

exports[`keyboard resolution characterization (component / layout / checker / tex) 1`] = `
{
  "algebra": {
    "checkerOverride": {},
    "component": "Basic",
    "grid": "grid-cols-7",
    "layout": "algebra",
    "mainChecker": "string",
    "parameters": [],
    "secondaryChecker": "exact",
    "tex": "1 + \\frac{2}{3}",
    "values": [],
  },
  "angle": {
    "checkerOverride": {},
    "component": "Basic",
    "grid": "grid-cols-5",
    "layout": "angle",
    "mainChecker": "angle",
    "parameters": [],
    "secondaryChecker": "fraction",
    "tex": "1 + \\frac{2}{3}",
    "values": [],
  },
  "cartesian": {
    "checkerOverride": {},
    "component": "Basic",
    "grid": "grid-cols-6",
    "layout": "cartesian",
    "mainChecker": "string",
    "parameters": [],
    "secondaryChecker": "exact",
    "tex": "1 + \\frac{2}{3}",
    "values": [],
  },
  "coord": {
    "checkerOverride": {},
    "component": "Basic",
    "grid": "grid-cols-5",
    "layout": "coord",
    "mainChecker": "coord",
    "parameters": [],
    "secondaryChecker": "exact",
    "tex": "\\frac{1 + 2}{3}",
    "values": [],
  },
  "coord+checker:fraction": {
    "checkerOverride": {},
    "component": "Basic",
    "grid": "grid-cols-5",
    "layout": "coord",
    "mainChecker": "coord",
    "parameters": [],
    "secondaryChecker": "fraction",
    "tex": "\\frac{1 + 2}{3}",
    "values": [],
  },
  "draw": {
    "checkerOverride": {},
    "component": "Draw",
    "grid": "grid-cols-5",
    "layout": "exact",
    "mainChecker": "draw",
    "parameters": [],
    "secondaryChecker": "exact",
    "tex": "\\frac{1 + 2}{3}",
    "values": [],
  },
  "equ": {
    "checkerOverride": {},
    "component": "Basic",
    "grid": "grid-cols-6",
    "layout": "equation",
    "mainChecker": "equation",
    "parameters": [],
    "secondaryChecker": "exact",
    "tex": "1 + \\frac{2}{3}",
    "values": [],
  },
  "equation": {
    "checkerOverride": {},
    "component": "Basic",
    "grid": "grid-cols-6",
    "layout": "equation",
    "mainChecker": "equation",
    "parameters": [],
    "secondaryChecker": "exact",
    "tex": "1 + \\frac{2}{3}",
    "values": [],
  },
  "exact": {
    "checkerOverride": {},
    "component": "Basic",
    "grid": "grid-cols-5",
    "layout": "exact",
    "mainChecker": "exact",
    "parameters": [],
    "secondaryChecker": "exact",
    "tex": "\\frac{1 + 2}{3}",
    "values": [],
  },
  "exp": {
    "checkerOverride": {},
    "component": "Basic",
    "grid": "grid-cols-7",
    "layout": "algebra",
    "mainChecker": "exp",
    "parameters": [],
    "secondaryChecker": "exact",
    "tex": "1 + \\frac{2}{3}",
    "values": [],
  },
  "fn": {
    "checkerOverride": {},
    "component": "Basic",
    "grid": "grid-cols-6",
    "layout": "function",
    "mainChecker": "function",
    "parameters": [],
    "secondaryChecker": "polynom",
    "tex": "1 + \\frac{2}{3}",
    "values": [],
  },
  "fr": {
    "checkerOverride": {},
    "component": "Basic",
    "grid": "grid-cols-3",
    "layout": "fraction",
    "mainChecker": "fraction",
    "parameters": [],
    "secondaryChecker": "exact",
    "tex": "1 + \\frac{2}{3}",
    "values": [],
  },
  "fr+": {
    "checkerOverride": {},
    "component": "Basic",
    "grid": "grid-cols-3",
    "layout": "fraction",
    "mainChecker": "fraction",
    "parameters": [],
    "secondaryChecker": "exact",
    "tex": "1 + \\frac{2}{3}",
    "values": [],
  },
  "frac": {
    "checkerOverride": {},
    "component": "Basic",
    "grid": "grid-cols-3",
    "layout": "fraction",
    "mainChecker": "fraction",
    "parameters": [],
    "secondaryChecker": "exact",
    "tex": "1 + \\frac{2}{3}",
    "values": [],
  },
  "frac+": {
    "checkerOverride": {},
    "component": "Basic",
    "grid": "grid-cols-3",
    "layout": "fraction",
    "mainChecker": "fraction",
    "parameters": [],
    "secondaryChecker": "exact",
    "tex": "1 + \\frac{2}{3}",
    "values": [],
  },
  "fraction": {
    "checkerOverride": {},
    "component": "Basic",
    "grid": "grid-cols-3",
    "layout": "fraction",
    "mainChecker": "fraction",
    "parameters": [],
    "secondaryChecker": "exact",
    "tex": "1 + \\frac{2}{3}",
    "values": [],
  },
  "fraction+": {
    "checkerOverride": {},
    "component": "Basic",
    "grid": "grid-cols-3",
    "layout": "fraction",
    "mainChecker": "fraction",
    "parameters": [],
    "secondaryChecker": "exact",
    "tex": "1 + \\frac{2}{3}",
    "values": [],
  },
  "function": {
    "checkerOverride": {},
    "component": "Basic",
    "grid": "grid-cols-6",
    "layout": "function",
    "mainChecker": "function",
    "parameters": [],
    "secondaryChecker": "polynom",
    "tex": "1 + \\frac{2}{3}",
    "values": [],
  },
  "input": {
    "checkerOverride": {},
    "component": "Input",
    "grid": "grid-cols-5",
    "layout": "exact",
    "mainChecker": "string",
    "parameters": [],
    "secondaryChecker": "exact",
    "tex": "\\frac{1 + 2}{3}",
    "values": [],
  },
  "limit": {
    "checkerOverride": {},
    "component": "Basic",
    "grid": "grid-cols-5",
    "layout": "limit",
    "mainChecker": "string",
    "parameters": [],
    "secondaryChecker": "exact",
    "tex": "\\frac{1 + 2}{3}",
    "values": [],
  },
  "log": {
    "checkerOverride": {},
    "component": "Basic",
    "grid": "grid-cols-5",
    "layout": "exact",
    "mainChecker": "log",
    "parameters": [],
    "secondaryChecker": "exact",
    "tex": "\\frac{1 + 2}{3}",
    "values": [],
  },
  "matrix": {
    "checkerOverride": {},
    "component": "Matrix",
    "grid": "grid-cols-5",
    "layout": "exact",
    "mainChecker": "matrix",
    "parameters": [],
    "secondaryChecker": "exact",
    "tex": "\\frac{1 + 2}{3}",
    "values": [],
  },
  "mod": {
    "checkerOverride": {},
    "component": "Basic",
    "grid": "grid grid-cols-3",
    "layout": "modulo",
    "mainChecker": "mod",
    "parameters": [],
    "secondaryChecker": "exact",
    "tex": "1 + \\frac{2}{3}",
    "values": [],
  },
  "mots": {
    "checkerOverride": {},
    "component": "Sentence",
    "grid": "grid-cols-5",
    "layout": "exact",
    "mainChecker": "string",
    "parameters": [],
    "secondaryChecker": "exact",
    "tex": "\\frac{1 + 2}{3}",
    "values": [],
  },
  "nb": {
    "checkerOverride": {},
    "component": "Basic",
    "grid": "grid-cols-3",
    "layout": "number",
    "mainChecker": "number",
    "parameters": [],
    "secondaryChecker": "exact",
    "tex": "1 + \\frac{2}{3}",
    "values": [],
  },
  "number": {
    "checkerOverride": {},
    "component": "Basic",
    "grid": "grid-cols-3",
    "layout": "number",
    "mainChecker": "number",
    "parameters": [],
    "secondaryChecker": "exact",
    "tex": "1 + \\frac{2}{3}",
    "values": [],
  },
  "order": {
    "checkerOverride": {},
    "component": "Order",
    "grid": "grid-cols-5",
    "layout": "exact",
    "mainChecker": "string",
    "parameters": [],
    "secondaryChecker": "exact",
    "tex": "\\frac{1 + 2}{3}",
    "values": [],
  },
  "phrase": {
    "checkerOverride": {},
    "component": "Sentence",
    "grid": "grid-cols-5",
    "layout": "exact",
    "mainChecker": "string",
    "parameters": [],
    "secondaryChecker": "exact",
    "tex": "\\frac{1 + 2}{3}",
    "values": [],
  },
  "polynom": {
    "checkerOverride": {},
    "component": "Basic",
    "grid": "grid-cols-6",
    "layout": "polynom",
    "mainChecker": "polynom",
    "parameters": [],
    "secondaryChecker": "exact",
    "tex": "1 + \\frac{2}{3}",
    "values": [],
  },
  "pow": {
    "checkerOverride": {},
    "component": "Basic",
    "grid": "grid-cols-4",
    "layout": "pow",
    "mainChecker": "string",
    "parameters": [],
    "secondaryChecker": "exact",
    "tex": "1 + \\frac{2}{3}",
    "values": [],
  },
  "primitive": {
    "checkerOverride": {},
    "component": "Basic",
    "grid": "grid-cols-7",
    "layout": "primitive",
    "mainChecker": "primitive",
    "parameters": [],
    "secondaryChecker": "exact",
    "tex": "1 + \\frac{2}{3}",
    "values": [],
  },
  "qcm": {
    "checkerOverride": {},
    "component": "Qcm",
    "grid": "grid-cols-5",
    "layout": "exact",
    "mainChecker": "qcm",
    "parameters": [],
    "secondaryChecker": "exact",
    "tex": "\\frac{1 + 2}{3}",
    "values": [],
  },
  "rational": {
    "checkerOverride": {},
    "component": "Basic",
    "grid": "grid-cols-6",
    "layout": "rational",
    "mainChecker": "rational",
    "parameters": [],
    "secondaryChecker": "exact",
    "tex": "\\frac{ 1 + 2 }{ 3 }",
    "values": [],
  },
  "resol": {
    "checkerOverride": {},
    "component": "Resolution",
    "grid": "grid-cols-5",
    "layout": "exact",
    "mainChecker": "string",
    "parameters": [],
    "secondaryChecker": "exact",
    "tex": "\\frac{1 + 2}{3}",
    "values": [],
  },
  "resolution": {
    "checkerOverride": {},
    "component": "Resolution",
    "grid": "grid-cols-5",
    "layout": "exact",
    "mainChecker": "solution",
    "parameters": [],
    "secondaryChecker": "exact",
    "tex": "\\frac{1 + 2}{3}",
    "values": [],
  },
  "scientific": {
    "checkerOverride": {},
    "component": "Basic",
    "grid": "grid-cols-4",
    "layout": "scientific",
    "mainChecker": "string",
    "parameters": [],
    "secondaryChecker": "exact",
    "tex": "1 + \\frac{2}{3}",
    "values": [],
  },
  "scn": {
    "checkerOverride": {},
    "component": "Basic",
    "grid": "grid-cols-4",
    "layout": "scientific",
    "mainChecker": "scientific",
    "parameters": [],
    "secondaryChecker": "number",
    "tex": "1 + \\frac{2}{3}",
    "values": [],
  },
  "sentence": {
    "checkerOverride": {},
    "component": "Sentence",
    "grid": "grid-cols-5",
    "layout": "exact",
    "mainChecker": "string",
    "parameters": [],
    "secondaryChecker": "exact",
    "tex": "\\frac{1 + 2}{3}",
    "values": [],
  },
  "simple": {
    "checkerOverride": {},
    "component": "Basic",
    "grid": "grid-cols-4",
    "layout": "simple",
    "mainChecker": "string",
    "parameters": [],
    "secondaryChecker": "exact",
    "tex": "1 + \\frac{2}{3}",
    "values": [],
  },
  "sol": {
    "checkerOverride": {},
    "component": "Basic",
    "grid": "grid-cols-5",
    "layout": "solution",
    "mainChecker": "solution",
    "parameters": [],
    "secondaryChecker": "exact",
    "tex": "1 + \\frac{2}{3}",
    "values": [],
  },
  "sol+checker:angle,p": {
    "checkerOverride": {},
    "component": "Basic",
    "grid": "grid-cols-5",
    "layout": "solution",
    "mainChecker": "solution",
    "parameters": [],
    "secondaryChecker": "angle",
    "tex": "1 + \\frac{2}{3}",
    "values": [],
  },
  "solution": {
    "checkerOverride": {},
    "component": "Basic",
    "grid": "grid-cols-5",
    "layout": "solution",
    "mainChecker": "solution",
    "parameters": [],
    "secondaryChecker": "exact",
    "tex": "1 + \\frac{2}{3}",
    "values": [],
  },
  "study": {
    "checkerOverride": {},
    "component": "Study",
    "grid": "grid-cols-5",
    "layout": "exact",
    "mainChecker": "study",
    "parameters": [],
    "secondaryChecker": "exact",
    "tex": "\\frac{1 + 2}{3}",
    "values": [],
  },
  "tableofsigns": {
    "checkerOverride": {},
    "component": "TableOfSigns",
    "grid": "grid-cols-5",
    "layout": "exact",
    "mainChecker": "string",
    "parameters": [],
    "secondaryChecker": "exact",
    "tex": "\\frac{1 + 2}{3}",
    "values": [],
  },
  "tos": {
    "checkerOverride": {},
    "component": "TableOfSigns",
    "grid": "grid-cols-5",
    "layout": "exact",
    "mainChecker": "tos",
    "parameters": [],
    "secondaryChecker": "exact",
    "tex": "\\frac{1 + 2}{3}",
    "values": [],
  },
  "type": {
    "checkerOverride": {},
    "component": "Type",
    "grid": "grid-cols-5",
    "layout": "exact",
    "mainChecker": "type",
    "parameters": [],
    "secondaryChecker": "exact",
    "tex": "\\frac{1 + 2}{3}",
    "values": [],
  },
  "unknown": {
    "checkerOverride": {},
    "component": "Basic",
    "grid": "grid-cols-5",
    "layout": "exact",
    "mainChecker": "string",
    "parameters": [],
    "secondaryChecker": "exact",
    "tex": "\\frac{1 + 2}{3}",
    "values": [],
  },
  "vector": {
    "checkerOverride": {},
    "component": "Basic",
    "grid": "grid-cols-5",
    "layout": "vector",
    "mainChecker": "vector",
    "parameters": [],
    "secondaryChecker": "exact",
    "tex": "\\begin{matrix}\\frac{1 + 2}{3}\\end{matrix}",
    "values": [],
  },
  "with-if-override": {
    "checkerOverride": {
      "x": "1",
    },
    "component": "Basic",
    "grid": "grid-cols-3",
    "layout": "number",
    "mainChecker": "number",
    "parameters": [
      "if x?1",
    ],
    "secondaryChecker": "exact",
    "tex": "1 + \\frac{2}{3}",
    "values": [],
  },
  "with-var-param": {
    "checkerOverride": {},
    "component": "Basic",
    "grid": "grid-cols-7",
    "layout": "algebra",
    "mainChecker": "string",
    "parameters": [
      "var:t",
    ],
    "secondaryChecker": "exact",
    "tex": "1 + \\frac{2}{3}",
    "values": [],
  },
  "words": {
    "checkerOverride": {},
    "component": "Sentence",
    "grid": "grid-cols-5",
    "layout": "exact",
    "mainChecker": "string",
    "parameters": [],
    "secondaryChecker": "exact",
    "tex": "\\frac{1 + 2}{3}",
    "values": [],
  },
  "zones": {
    "checkerOverride": {},
    "component": "DrawZones",
    "grid": "grid-cols-5",
    "layout": "exact",
    "mainChecker": "draw",
    "parameters": [],
    "secondaryChecker": "exact",
    "tex": "\\frac{1 + 2}{3}",
    "values": [],
  },
}
`;
